------------------------------------------------------------
Timing Analyzer Summary
------------------------------------------------------------

Type  : Slow 1200mV 85C Model Setup 'VariableClockDivider:vcd|count[0]'
Slack : -108.253
TNS   : -13716.865

Type  : Slow 1200mV 85C Model Setup 'pll_inst|altpll_component|auto_generated|pll1|clk[0]'
Slack : -11.776
TNS   : -161.528

Type  : Slow 1200mV 85C Model Setup 'SW[1]'
Slack : -5.743
TNS   : -3734.201

Type  : Slow 1200mV 85C Model Setup 'PB[1]'
Slack : -2.176
TNS   : -13.657

Type  : Slow 1200mV 85C Model Setup 'ip1|altpll_component|auto_generated|pll1|clk[0]'
Slack : 32.814
TNS   : 0.000

Type  : Slow 1200mV 85C Model Setup 'pll_inst|altpll_component|auto_generated|pll1|clk[1]'
Slack : 493.942
TNS   : 0.000

Type  : Slow 1200mV 85C Model Hold 'VariableClockDivider:vcd|count[0]'
Slack : -0.549
TNS   : -6.338

Type  : Slow 1200mV 85C Model Hold 'PB[1]'
Slack : 0.359
TNS   : 0.000

Type  : Slow 1200mV 85C Model Hold 'pll_inst|altpll_component|auto_generated|pll1|clk[1]'
Slack : 0.430
TNS   : 0.000

Type  : Slow 1200mV 85C Model Hold 'ip1|altpll_component|auto_generated|pll1|clk[0]'
Slack : 0.501
TNS   : 0.000

Type  : Slow 1200mV 85C Model Hold 'pll_inst|altpll_component|auto_generated|pll1|clk[0]'
Slack : 0.562
TNS   : 0.000

Type  : Slow 1200mV 85C Model Hold 'SW[1]'
Slack : 2.067
TNS   : 0.000

Type  : Slow 1200mV 85C Model Recovery 'VariableClockDivider:vcd|count[0]'
Slack : -1.118
TNS   : -468.778

Type  : Slow 1200mV 85C Model Removal 'VariableClockDivider:vcd|count[0]'
Slack : 0.289
TNS   : 0.000

Type  : Slow 1200mV 85C Model Minimum Pulse Width 'PB[1]'
Slack : -3.000
TNS   : -11.554

Type  : Slow 1200mV 85C Model Minimum Pulse Width 'SW[1]'
Slack : -3.000
TNS   : -3.000

Type  : Slow 1200mV 85C Model Minimum Pulse Width 'VariableClockDivider:vcd|count[0]'
Slack : -1.222
TNS   : -2948.686

Type  : Slow 1200mV 85C Model Minimum Pulse Width 'MAX10_CLK1_50'
Slack : 9.777
TNS   : 0.000

Type  : Slow 1200mV 85C Model Minimum Pulse Width 'pll_inst|altpll_component|auto_generated|pll1|clk[0]'
Slack : 19.751
TNS   : 0.000

Type  : Slow 1200mV 85C Model Minimum Pulse Width 'ip1|altpll_component|auto_generated|pll1|clk[0]'
Slack : 19.760
TNS   : 0.000

Type  : Slow 1200mV 85C Model Minimum Pulse Width 'pll_inst|altpll_component|auto_generated|pll1|clk[1]'
Slack : 249.755
TNS   : 0.000

Type  : Slow 1200mV 0C Model Setup 'VariableClockDivider:vcd|count[0]'
Slack : -98.284
TNS   : -12265.457

Type  : Slow 1200mV 0C Model Setup 'pll_inst|altpll_component|auto_generated|pll1|clk[0]'
Slack : -10.228
TNS   : -131.498

Type  : Slow 1200mV 0C Model Setup 'SW[1]'
Slack : -5.118
TNS   : -3279.599

Type  : Slow 1200mV 0C Model Setup 'PB[1]'
Slack : -1.921
TNS   : -11.894

Type  : Slow 1200mV 0C Model Setup 'ip1|altpll_component|auto_generated|pll1|clk[0]'
Slack : 33.398
TNS   : 0.000

Type  : Slow 1200mV 0C Model Setup 'pll_inst|altpll_component|auto_generated|pll1|clk[1]'
Slack : 494.479
TNS   : 0.000

Type  : Slow 1200mV 0C Model Hold 'VariableClockDivider:vcd|count[0]'
Slack : -0.373
TNS   : -1.370

Type  : Slow 1200mV 0C Model Hold 'pll_inst|altpll_component|auto_generated|pll1|clk[0]'
Slack : 0.001
TNS   : 0.000

Type  : Slow 1200mV 0C Model Hold 'PB[1]'
Slack : 0.325
TNS   : 0.000

Type  : Slow 1200mV 0C Model Hold 'pll_inst|altpll_component|auto_generated|pll1|clk[1]'
Slack : 0.356
TNS   : 0.000

Type  : Slow 1200mV 0C Model Hold 'ip1|altpll_component|auto_generated|pll1|clk[0]'
Slack : 0.425
TNS   : 0.000

Type  : Slow 1200mV 0C Model Hold 'SW[1]'
Slack : 1.841
TNS   : 0.000

Type  : Slow 1200mV 0C Model Recovery 'VariableClockDivider:vcd|count[0]'
Slack : -1.082
TNS   : -500.126

Type  : Slow 1200mV 0C Model Removal 'VariableClockDivider:vcd|count[0]'
Slack : 0.253
TNS   : 0.000

Type  : Slow 1200mV 0C Model Minimum Pulse Width 'PB[1]'
Slack : -3.000
TNS   : -11.554

Type  : Slow 1200mV 0C Model Minimum Pulse Width 'SW[1]'
Slack : -3.000
TNS   : -3.000

Type  : Slow 1200mV 0C Model Minimum Pulse Width 'VariableClockDivider:vcd|count[0]'
Slack : -1.222
TNS   : -2948.686

Type  : Slow 1200mV 0C Model Minimum Pulse Width 'MAX10_CLK1_50'
Slack : 9.784
TNS   : 0.000

Type  : Slow 1200mV 0C Model Minimum Pulse Width 'pll_inst|altpll_component|auto_generated|pll1|clk[0]'
Slack : 19.712
TNS   : 0.000

Type  : Slow 1200mV 0C Model Minimum Pulse Width 'ip1|altpll_component|auto_generated|pll1|clk[0]'
Slack : 19.714
TNS   : 0.000

Type  : Slow 1200mV 0C Model Minimum Pulse Width 'pll_inst|altpll_component|auto_generated|pll1|clk[1]'
Slack : 249.712
TNS   : 0.000

Type  : Fast 1200mV 0C Model Setup 'VariableClockDivider:vcd|count[0]'
Slack : -51.995
TNS   : -6034.119

Type  : Fast 1200mV 0C Model Setup 'pll_inst|altpll_component|auto_generated|pll1|clk[0]'
Slack : -5.593
TNS   : -57.093

Type  : Fast 1200mV 0C Model Setup 'SW[1]'
Slack : -2.807
TNS   : -1670.548

Type  : Fast 1200mV 0C Model Setup 'PB[1]'
Slack : -0.511
TNS   : -2.809

Type  : Fast 1200mV 0C Model Setup 'ip1|altpll_component|auto_generated|pll1|clk[0]'
Slack : 36.353
TNS   : 0.000

Type  : Fast 1200mV 0C Model Setup 'pll_inst|altpll_component|auto_generated|pll1|clk[1]'
Slack : 497.022
TNS   : 0.000

Type  : Fast 1200mV 0C Model Hold 'VariableClockDivider:vcd|count[0]'
Slack : -0.200
TNS   : -1.186

Type  : Fast 1200mV 0C Model Hold 'pll_inst|altpll_component|auto_generated|pll1|clk[0]'
Slack : 0.128
TNS   : 0.000

Type  : Fast 1200mV 0C Model Hold 'PB[1]'
Slack : 0.166
TNS   : 0.000

Type  : Fast 1200mV 0C Model Hold 'pll_inst|altpll_component|auto_generated|pll1|clk[1]'
Slack : 0.211
TNS   : 0.000

Type  : Fast 1200mV 0C Model Hold 'ip1|altpll_component|auto_generated|pll1|clk[0]'
Slack : 0.246
TNS   : 0.000

Type  : Fast 1200mV 0C Model Hold 'SW[1]'
Slack : 1.323
TNS   : 0.000

Type  : Fast 1200mV 0C Model Recovery 'VariableClockDivider:vcd|count[0]'
Slack : -0.427
TNS   : -79.293

Type  : Fast 1200mV 0C Model Removal 'VariableClockDivider:vcd|count[0]'
Slack : 0.251
TNS   : 0.000

Type  : Fast 1200mV 0C Model Minimum Pulse Width 'SW[1]'
Slack : -3.000
TNS   : -309.928

Type  : Fast 1200mV 0C Model Minimum Pulse Width 'PB[1]'
Slack : -3.000
TNS   : -12.427

Type  : Fast 1200mV 0C Model Minimum Pulse Width 'VariableClockDivider:vcd|count[0]'
Slack : -1.000
TNS   : -2413.000

Type  : Fast 1200mV 0C Model Minimum Pulse Width 'MAX10_CLK1_50'
Slack : 9.530
TNS   : 0.000

Type  : Fast 1200mV 0C Model Minimum Pulse Width 'pll_inst|altpll_component|auto_generated|pll1|clk[0]'
Slack : 19.770
TNS   : 0.000

Type  : Fast 1200mV 0C Model Minimum Pulse Width 'ip1|altpll_component|auto_generated|pll1|clk[0]'
Slack : 19.804
TNS   : 0.000

Type  : Fast 1200mV 0C Model Minimum Pulse Width 'pll_inst|altpll_component|auto_generated|pll1|clk[1]'
Slack : 249.797
TNS   : 0.000

------------------------------------------------------------
